// Jest Snapshot v1, https://goo.gl/fbAQLP

exports[`NavLinks component test case should test NavLinks component with default props 1`] = `
<Fragment>
  <ul
    className="navbar-nav"
  >
    <li
      className="nav-item"
      onClick={[MockFunction]}
    >
      <NavLink
        className="nav-link"
        to="/games"
      >
        GAMES
      </NavLink>
    </li>
    <li
      className="nav-item"
      onClick={[MockFunction]}
    >
      <NavLink
        className="nav-link"
        to="/accounts"
      >
        ACCOUNTS
      </NavLink>
    </li>
    <li
      className="nav-item"
      onClick={[MockFunction]}
    >
      <NavLink
        className="nav-link"
        to="/contact-us"
      >
        CONTACT US
      </NavLink>
    </li>
  </ul>
</Fragment>
`;
